../Drivers/CMSIS/Include/core_cm4.h:2064:26:ITM_SendChar	16	static,ignoring_inline_asm
../Core/Src/main.c:84:5:_write	24	static
../Core/Src/main.c:99:5:main	16	static
../Core/Src/main.c:180:6:SystemClock_Config	160	static
../Core/Src/main.c:227:13:MX_CAN_Init	48	static
../Core/Src/main.c:305:13:MX_USART2_UART_Init	8	static
../Core/Src/main.c:340:13:MX_GPIO_Init	48	static
../Core/Src/main.c:382:6:HAL_CAN_RxFifo0MsgPendingCallback	16	static
../Core/Src/main.c:392:6:HAL_GPIO_EXTI_Callback	16	static
../Core/Src/main.c:408:6:Error_Handler	4	static,ignoring_inline_asm
