../Drivers/CMSIS/Include/core_cm4.h:2064:26:ITM_SendChar	16	static,ignoring_inline_asm
../Core/Src/main.c:93:6:HAL_TIM_IC_CaptureCallback	16	static,ignoring_inline_asm
../Core/Src/main.c:122:5:_write	24	static
../Core/Src/main.c:137:5:main	8	static
../Core/Src/main.c:218:6:SystemClock_Config	160	static
../Core/Src/main.c:266:13:MX_CAN_Init	48	static
../Core/Src/main.c:344:13:MX_TIM1_Init	72	static
../Core/Src/main.c:420:13:MX_USART2_UART_Init	8	static
../Core/Src/main.c:455:13:MX_GPIO_Init	48	static
../Core/Src/main.c:497:6:HAL_CAN_RxFifo0MsgPendingCallback	16	static
../Core/Src/main.c:508:6:HAL_GPIO_EXTI_Callback	16	static,ignoring_inline_asm
../Core/Src/main.c:533:6:Error_Handler	4	static,ignoring_inline_asm
